../Core/Src/main.c:92:5:main	160	static
../Core/Src/main.c:169:6:SystemClock_Config	88	static
../Core/Src/main.c:216:13:MX_ADC1_Init	24	static
../Core/Src/main.c:268:13:MX_I2C1_Init	8	static
../Core/Src/main.c:302:13:MX_SPI1_Init	8	static
../Core/Src/main.c:339:13:MX_SPI2_Init	8	static
../Core/Src/main.c:377:13:MX_SPI3_Init	8	static
../Core/Src/main.c:415:13:MX_TIM2_Init	64	static
../Core/Src/main.c:473:13:MX_GPIO_Init	48	static
../Core/Src/main.c:533:6:delay	16	static
../Core/Src/main.c:539:6:startup	72	static
../Core/Src/main.c:649:9:W25Q_Spi	32	static
../Core/Src/main.c:662:6:Error_Handler	4	static,ignoring_inline_asm
