../Core/Src/main.c:89:5:main	40	static
../Core/Src/main.c:161:6:SystemClock_Config	88	static
../Core/Src/main.c:208:13:MX_ADC1_Init	24	static
../Core/Src/main.c:260:13:MX_I2C1_Init	8	static
../Core/Src/main.c:294:13:MX_SPI1_Init	8	static
../Core/Src/main.c:331:13:MX_SPI2_Init	8	static
../Core/Src/main.c:369:13:MX_SPI3_Init	8	static
../Core/Src/main.c:407:13:MX_TIM2_Init	64	static
../Core/Src/main.c:465:13:MX_GPIO_Init	48	static
../Core/Src/main.c:525:6:delay	16	static
../Core/Src/main.c:531:6:startup	72	static
../Core/Src/main.c:636:6:Error_Handler	4	static,ignoring_inline_asm
